nohup: ignoring input
cuda:0
Namespace(batch_size=1500, bn_sparsity=0.9, classes_per_user=4, clip_bound=1.8, clipping_style='all-layer', cluster_project_lr=0.05, cluster_temperature=1.0, dataset='CIFAR-10', dataset_dir='/home/chenyannan/fast-differential-privacy-main/examples/image_classification/data', downsample_lr=0.04, epochs=50, epsilon=8, feature_dim=128, global_lr=1.06, image_size=224, instance_project_lr=0.04, instance_temperature=0.5, kl_threshold=0.7, learning_rate=0.0003, linear_sparsity=0.75, local_epoch=3, loss_KL=0.5, mini_bs=125, miu=0.5, model_path='save/Cifar-10-DPFL-ResNet18-noiid-classes_per_user7-num_class7-noper', momentum=0.3, n_clients=40, num_class=4, r_conv=6, r_proj=16, reload=False, resnet='ResNet18_lora', resnet_lr=0.1, sample_ratio=1, seed=17, smooth_K=6, smooth_loss_radius=2, smooth_step=0, start_epoch=0, test_image_size=256, trans_lr=0.05, weight_decay=1e-05, workers=8)
